Archive member included to satisfy reference by file (symbol)

c:/program files (x86)/gnu tools arm embedded/7 2017-q4-major/bin/../lib/gcc/arm-none-eabi/7.2.1/thumb/v7e-m\libgcc.a(_arm_addsubsf3.o)
                              ..\obj\tm_stm32f4_lis302dl_lis3dsh.o (__aeabi_i2f)
c:/program files (x86)/gnu tools arm embedded/7 2017-q4-major/bin/../lib/gcc/arm-none-eabi/7.2.1/thumb/v7e-m\libgcc.a(_arm_muldivsf3.o)
                              ..\obj\tm_stm32f4_lis302dl_lis3dsh.o (__aeabi_fmul)
c:/program files (x86)/gnu tools arm embedded/7 2017-q4-major/bin/../lib/gcc/arm-none-eabi/7.2.1/thumb/v7e-m\libgcc.a(_arm_fixsfsi.o)
                              ..\obj\tm_stm32f4_lis302dl_lis3dsh.o (__aeabi_f2iz)

Allocating common symbols
Common symbol       size              file

PCD8544_y           0x1               ..\obj\tm_stm32f4_pcd8544.o
TM_LIS3DSH_INT_Sensitivity
                    0x4               ..\obj\tm_stm32f4_lis302dl_lis3dsh.o
PCD8544_x           0x1               ..\obj\tm_stm32f4_pcd8544.o
PCD8544_Buffer      0x1f8             ..\obj\tm_stm32f4_pcd8544.o
tab                 0x2c4c            ..\obj\main.o
Axes                0x6               ..\obj\main.o

Discarded input sections

 .text          0x00000000        0x0 ..\obj\stm32f4xx_syscfg.o
 .data          0x00000000        0x0 ..\obj\stm32f4xx_syscfg.o
 .bss           0x00000000        0x0 ..\obj\stm32f4xx_syscfg.o
 .text.SYSCFG_DeInit
                0x00000000       0x1c ..\obj\stm32f4xx_syscfg.o
 .text.SYSCFG_MemoryRemapConfig
                0x00000000       0x20 ..\obj\stm32f4xx_syscfg.o
 .text.SYSCFG_EXTILineConfig
                0x00000000       0x80 ..\obj\stm32f4xx_syscfg.o
 .text.SYSCFG_ETH_MediaInterfaceConfig
                0x00000000       0x1c ..\obj\stm32f4xx_syscfg.o
 .text.SYSCFG_CompensationCellCmd
                0x00000000       0x20 ..\obj\stm32f4xx_syscfg.o
 .text.SYSCFG_GetCompensationCellStatus
                0x00000000       0x30 ..\obj\stm32f4xx_syscfg.o
 .debug_info    0x00000000      0x27e ..\obj\stm32f4xx_syscfg.o
 .debug_abbrev  0x00000000      0x148 ..\obj\stm32f4xx_syscfg.o
 .debug_aranges
                0x00000000       0x48 ..\obj\stm32f4xx_syscfg.o
 .debug_ranges  0x00000000       0x38 ..\obj\stm32f4xx_syscfg.o
 .debug_line    0x00000000      0x24e ..\obj\stm32f4xx_syscfg.o
 .debug_str     0x00000000      0x338 ..\obj\stm32f4xx_syscfg.o
 .comment       0x00000000       0x7f ..\obj\stm32f4xx_syscfg.o
 .debug_frame   0x00000000       0xf4 ..\obj\stm32f4xx_syscfg.o
 .ARM.attributes
                0x00000000       0x33 ..\obj\stm32f4xx_syscfg.o
 .text          0x00000000        0x0 ..\obj\startup_stm32f4xx.o
 .data          0x00000000        0x0 ..\obj\startup_stm32f4xx.o
 .bss           0x00000000        0x0 ..\obj\startup_stm32f4xx.o
 .text          0x00000000        0x0 ..\obj\main.o
 .bss           0x00000000        0x0 ..\obj\main.o
 .text.abs      0x00000000       0x28 ..\obj\main.o
 .text.movesnake
                0x00000000       0x14 ..\obj\main.o
 .text          0x00000000        0x0 ..\obj\stm32f4xx_rcc.o
 .data          0x00000000       0x10 ..\obj\stm32f4xx_rcc.o
 .bss           0x00000000        0x0 ..\obj\stm32f4xx_rcc.o
 .text.RCC_DeInit
                0x00000000       0x50 ..\obj\stm32f4xx_rcc.o
 .text.RCC_HSEConfig
                0x00000000       0x24 ..\obj\stm32f4xx_rcc.o
 .text.RCC_WaitForHSEStartUp
                0x00000000       0x50 ..\obj\stm32f4xx_rcc.o
 .text.RCC_AdjustHSICalibrationValue
                0x00000000       0x3c ..\obj\stm32f4xx_rcc.o
 .text.RCC_HSICmd
                0x00000000       0x20 ..\obj\stm32f4xx_rcc.o
 .text.RCC_LSEConfig
                0x00000000       0x40 ..\obj\stm32f4xx_rcc.o
 .text.RCC_LSICmd
                0x00000000       0x20 ..\obj\stm32f4xx_rcc.o
 .text.RCC_PLLConfig
                0x00000000       0x3c ..\obj\stm32f4xx_rcc.o
 .text.RCC_PLLCmd
                0x00000000       0x20 ..\obj\stm32f4xx_rcc.o
 .text.RCC_PLLI2SConfig
                0x00000000       0x28 ..\obj\stm32f4xx_rcc.o
 .text.RCC_PLLI2SCmd
                0x00000000       0x20 ..\obj\stm32f4xx_rcc.o
 .text.RCC_ClockSecuritySystemCmd
                0x00000000       0x20 ..\obj\stm32f4xx_rcc.o
 .text.RCC_MCO1Config
                0x00000000       0x3c ..\obj\stm32f4xx_rcc.o
 .text.RCC_MCO2Config
                0x00000000       0x3c ..\obj\stm32f4xx_rcc.o
 .text.RCC_SYSCLKConfig
                0x00000000       0x38 ..\obj\stm32f4xx_rcc.o
 .text.RCC_GetSYSCLKSource
                0x00000000       0x1c ..\obj\stm32f4xx_rcc.o
 .text.RCC_HCLKConfig
                0x00000000       0x38 ..\obj\stm32f4xx_rcc.o
 .text.RCC_PCLK1Config
                0x00000000       0x38 ..\obj\stm32f4xx_rcc.o
 .text.RCC_PCLK2Config
                0x00000000       0x38 ..\obj\stm32f4xx_rcc.o
 .text.RCC_GetClocksFreq
                0x00000000      0x150 ..\obj\stm32f4xx_rcc.o
 .text.RCC_RTCCLKConfig
                0x00000000       0x5c ..\obj\stm32f4xx_rcc.o
 .text.RCC_RTCCLKCmd
                0x00000000       0x20 ..\obj\stm32f4xx_rcc.o
 .text.RCC_BackupResetCmd
                0x00000000       0x20 ..\obj\stm32f4xx_rcc.o
 .text.RCC_I2SCLKConfig
                0x00000000       0x1c ..\obj\stm32f4xx_rcc.o
 .text.RCC_AHB2PeriphClockCmd
                0x00000000       0x3c ..\obj\stm32f4xx_rcc.o
 .text.RCC_AHB3PeriphClockCmd
                0x00000000       0x3c ..\obj\stm32f4xx_rcc.o
 .text.RCC_AHB1PeriphResetCmd
                0x00000000       0x3c ..\obj\stm32f4xx_rcc.o
 .text.RCC_AHB2PeriphResetCmd
                0x00000000       0x3c ..\obj\stm32f4xx_rcc.o
 .text.RCC_AHB3PeriphResetCmd
                0x00000000       0x3c ..\obj\stm32f4xx_rcc.o
 .text.RCC_APB1PeriphResetCmd
                0x00000000       0x3c ..\obj\stm32f4xx_rcc.o
 .text.RCC_APB2PeriphResetCmd
                0x00000000       0x3c ..\obj\stm32f4xx_rcc.o
 .text.RCC_AHB1PeriphClockLPModeCmd
                0x00000000       0x3c ..\obj\stm32f4xx_rcc.o
 .text.RCC_AHB2PeriphClockLPModeCmd
                0x00000000       0x3c ..\obj\stm32f4xx_rcc.o
 .text.RCC_AHB3PeriphClockLPModeCmd
                0x00000000       0x3c ..\obj\stm32f4xx_rcc.o
 .text.RCC_APB1PeriphClockLPModeCmd
                0x00000000       0x3c ..\obj\stm32f4xx_rcc.o
 .text.RCC_APB2PeriphClockLPModeCmd
                0x00000000       0x3c ..\obj\stm32f4xx_rcc.o
 .text.RCC_ITConfig
                0x00000000       0x4c ..\obj\stm32f4xx_rcc.o
 .text.RCC_GetFlagStatus
                0x00000000       0x74 ..\obj\stm32f4xx_rcc.o
 .text.RCC_ClearFlag
                0x00000000       0x1c ..\obj\stm32f4xx_rcc.o
 .text.RCC_GetITStatus
                0x00000000       0x34 ..\obj\stm32f4xx_rcc.o
 .text.RCC_ClearITPendingBit
                0x00000000       0x20 ..\obj\stm32f4xx_rcc.o
 .text          0x00000000        0x0 ..\obj\tm_stm32f4_lis302dl_lis3dsh.o
 .data          0x00000000        0x0 ..\obj\tm_stm32f4_lis302dl_lis3dsh.o
 .text          0x00000000        0x0 ..\obj\tm_stm32f4_spi.o
 .data          0x00000000        0x0 ..\obj\tm_stm32f4_spi.o
 .bss           0x00000000        0x0 ..\obj\tm_stm32f4_spi.o
 .text.TM_SPI_InitWithMode
                0x00000000       0x80 ..\obj\tm_stm32f4_spi.o
 .text.TM_SPI_InitFull
                0x00000000       0x88 ..\obj\tm_stm32f4_spi.o
 .text.TM_SPI_GetPrescalerFromMaxFrequency
                0x00000000       0x6c ..\obj\tm_stm32f4_spi.o
 .text.TM_SPI_SetDataSize
                0x00000000       0x76 ..\obj\tm_stm32f4_spi.o
 .text.TM_SPI_SendMulti
                0x00000000       0x96 ..\obj\tm_stm32f4_spi.o
 .text.TM_SPI_SendMulti16
                0x00000000       0x96 ..\obj\tm_stm32f4_spi.o
 .text.TM_SPI_WriteMulti16
                0x00000000       0x88 ..\obj\tm_stm32f4_spi.o
 .text.TM_SPI_ReadMulti16
                0x00000000       0x90 ..\obj\tm_stm32f4_spi.o
 .text          0x00000000        0x0 ..\obj\stm32f4xx_gpio.o
 .data          0x00000000        0x0 ..\obj\stm32f4xx_gpio.o
 .bss           0x00000000        0x0 ..\obj\stm32f4xx_gpio.o
 .text.GPIO_DeInit
                0x00000000      0x120 ..\obj\stm32f4xx_gpio.o
 .text.GPIO_StructInit
                0x00000000       0x32 ..\obj\stm32f4xx_gpio.o
 .text.GPIO_PinLockConfig
                0x00000000       0x42 ..\obj\stm32f4xx_gpio.o
 .text.GPIO_ReadInputDataBit
                0x00000000       0x32 ..\obj\stm32f4xx_gpio.o
 .text.GPIO_ReadInputData
                0x00000000       0x18 ..\obj\stm32f4xx_gpio.o
 .text.GPIO_ReadOutputDataBit
                0x00000000       0x32 ..\obj\stm32f4xx_gpio.o
 .text.GPIO_ReadOutputData
                0x00000000       0x18 ..\obj\stm32f4xx_gpio.o
 .text.GPIO_WriteBit
                0x00000000       0x2e ..\obj\stm32f4xx_gpio.o
 .text.GPIO_Write
                0x00000000       0x1c ..\obj\stm32f4xx_gpio.o
 .text.GPIO_ToggleBits
                0x00000000       0x22 ..\obj\stm32f4xx_gpio.o
 .text.GPIO_PinAFConfig
                0x00000000       0x90 ..\obj\stm32f4xx_gpio.o
 .text          0x00000000        0x0 ..\obj\system_stm32f4xx.o
 .data          0x00000000       0x14 ..\obj\system_stm32f4xx.o
 .bss           0x00000000        0x0 ..\obj\system_stm32f4xx.o
 .text.SystemCoreClockUpdate
                0x00000000       0xf4 ..\obj\system_stm32f4xx.o
 .text          0x00000000        0x0 ..\obj\syscalls.o
 .data          0x00000000        0x0 ..\obj\syscalls.o
 .bss           0x00000000        0x4 ..\obj\syscalls.o
 .text._sbrk    0x00000000       0x3c ..\obj\syscalls.o
 .text.link     0x00000000       0x18 ..\obj\syscalls.o
 .text._close   0x00000000       0x16 ..\obj\syscalls.o
 .text._fstat   0x00000000       0x1e ..\obj\syscalls.o
 .text._isatty  0x00000000       0x14 ..\obj\syscalls.o
 .text._lseek   0x00000000       0x18 ..\obj\syscalls.o
 .text._read    0x00000000       0x18 ..\obj\syscalls.o
 .text._write   0x00000000       0x18 ..\obj\syscalls.o
 .text.abort    0x00000000        0x6 ..\obj\syscalls.o
 .debug_info    0x00000000      0xc98 ..\obj\syscalls.o
 .debug_abbrev  0x00000000      0x20d ..\obj\syscalls.o
 .debug_aranges
                0x00000000       0x60 ..\obj\syscalls.o
 .debug_ranges  0x00000000       0x50 ..\obj\syscalls.o
 .debug_line    0x00000000      0x2dd ..\obj\syscalls.o
 .debug_str     0x00000000      0x723 ..\obj\syscalls.o
 .comment       0x00000000       0x7f ..\obj\syscalls.o
 .debug_frame   0x00000000      0x168 ..\obj\syscalls.o
 .ARM.attributes
                0x00000000       0x33 ..\obj\syscalls.o
 .text          0x00000000        0x0 ..\obj\stm32f4xx_spi.o
 .data          0x00000000        0x0 ..\obj\stm32f4xx_spi.o
 .bss           0x00000000        0x0 ..\obj\stm32f4xx_spi.o
 .text.SPI_I2S_DeInit
                0x00000000       0x74 ..\obj\stm32f4xx_spi.o
 .text.I2S_Init
                0x00000000      0x1a8 ..\obj\stm32f4xx_spi.o
 .text.I2S_StructInit
                0x00000000       0x36 ..\obj\stm32f4xx_spi.o
 .text.SPI_Cmd  0x00000000       0x3e ..\obj\stm32f4xx_spi.o
 .text.I2S_Cmd  0x00000000       0x3e ..\obj\stm32f4xx_spi.o
 .text.SPI_DataSizeConfig
                0x00000000       0x36 ..\obj\stm32f4xx_spi.o
 .text.SPI_BiDirectionalLineConfig
                0x00000000       0x40 ..\obj\stm32f4xx_spi.o
 .text.SPI_NSSInternalSoftwareConfig
                0x00000000       0x42 ..\obj\stm32f4xx_spi.o
 .text.SPI_SSOutputCmd
                0x00000000       0x3e ..\obj\stm32f4xx_spi.o
 .text.SPI_TIModeCmd
                0x00000000       0x3e ..\obj\stm32f4xx_spi.o
 .text.I2S_FullDuplexConfig
                0x00000000       0x9a ..\obj\stm32f4xx_spi.o
 .text.SPI_I2S_ReceiveData
                0x00000000       0x18 ..\obj\stm32f4xx_spi.o
 .text.SPI_I2S_SendData
                0x00000000       0x1c ..\obj\stm32f4xx_spi.o
 .text.SPI_CalculateCRC
                0x00000000       0x3e ..\obj\stm32f4xx_spi.o
 .text.SPI_TransmitCRC
                0x00000000       0x22 ..\obj\stm32f4xx_spi.o
 .text.SPI_GetCRC
                0x00000000       0x30 ..\obj\stm32f4xx_spi.o
 .text.SPI_GetCRCPolynomial
                0x00000000       0x18 ..\obj\stm32f4xx_spi.o
 .text.SPI_I2S_DMACmd
                0x00000000       0x46 ..\obj\stm32f4xx_spi.o
 .text.SPI_I2S_ITConfig
                0x00000000       0x60 ..\obj\stm32f4xx_spi.o
 .text.SPI_I2S_GetFlagStatus
                0x00000000       0x36 ..\obj\stm32f4xx_spi.o
 .text.SPI_I2S_ClearFlag
                0x00000000       0x20 ..\obj\stm32f4xx_spi.o
 .text.SPI_I2S_GetITStatus
                0x00000000       0x74 ..\obj\stm32f4xx_spi.o
 .text.SPI_I2S_ClearITPendingBit
                0x00000000       0x32 ..\obj\stm32f4xx_spi.o
 .text          0x00000000        0x0 ..\obj\stm32f4xx_exti.o
 .data          0x00000000        0x0 ..\obj\stm32f4xx_exti.o
 .bss           0x00000000        0x0 ..\obj\stm32f4xx_exti.o
 .text.EXTI_DeInit
                0x00000000       0x34 ..\obj\stm32f4xx_exti.o
 .text.EXTI_Init
                0x00000000       0xe4 ..\obj\stm32f4xx_exti.o
 .text.EXTI_StructInit
                0x00000000       0x2a ..\obj\stm32f4xx_exti.o
 .text.EXTI_GenerateSWInterrupt
                0x00000000       0x24 ..\obj\stm32f4xx_exti.o
 .text.EXTI_GetFlagStatus
                0x00000000       0x34 ..\obj\stm32f4xx_exti.o
 .text.EXTI_ClearFlag
                0x00000000       0x1c ..\obj\stm32f4xx_exti.o
 .text.EXTI_GetITStatus
                0x00000000       0x48 ..\obj\stm32f4xx_exti.o
 .text.EXTI_ClearITPendingBit
                0x00000000       0x1c ..\obj\stm32f4xx_exti.o
 .debug_info    0x00000000      0x363 ..\obj\stm32f4xx_exti.o
 .debug_abbrev  0x00000000      0x1c0 ..\obj\stm32f4xx_exti.o
 .debug_aranges
                0x00000000       0x58 ..\obj\stm32f4xx_exti.o
 .debug_ranges  0x00000000       0x48 ..\obj\stm32f4xx_exti.o
 .debug_line    0x00000000      0x2e5 ..\obj\stm32f4xx_exti.o
 .debug_str     0x00000000      0x39d ..\obj\stm32f4xx_exti.o
 .comment       0x00000000       0x7f ..\obj\stm32f4xx_exti.o
 .debug_frame   0x00000000      0x148 ..\obj\stm32f4xx_exti.o
 .ARM.attributes
                0x00000000       0x33 ..\obj\stm32f4xx_exti.o
 .text          0x00000000        0x0 ..\obj\misc.o
 .data          0x00000000        0x0 ..\obj\misc.o
 .bss           0x00000000        0x0 ..\obj\misc.o
 .text.NVIC_SetVectorTable
                0x00000000       0x2c ..\obj\misc.o
 .text.NVIC_SystemLPConfig
                0x00000000       0x40 ..\obj\misc.o
 .text.SysTick_CLKSourceConfig
                0x00000000       0x38 ..\obj\misc.o
 .text          0x00000000        0x0 ..\obj\tm_stm32f4_gpio.o
 .data          0x00000000        0x0 ..\obj\tm_stm32f4_gpio.o
 .text.TM_GPIO_Init
                0x00000000       0x46 ..\obj\tm_stm32f4_gpio.o
 .text.TM_GPIO_DeInit
                0x00000000       0x80 ..\obj\tm_stm32f4_gpio.o
 .text.TM_GPIO_SetPinAsInput
                0x00000000       0x4e ..\obj\tm_stm32f4_gpio.o
 .text.TM_GPIO_SetPinAsOutput
                0x00000000       0x5a ..\obj\tm_stm32f4_gpio.o
 .text.TM_GPIO_SetPinAsAnalog
                0x00000000       0x4c ..\obj\tm_stm32f4_gpio.o
 .text.TM_GPIO_SetPinAsAlternate
                0x00000000       0x5e ..\obj\tm_stm32f4_gpio.o
 .text.TM_GPIO_SetPullResistor
                0x00000000       0x62 ..\obj\tm_stm32f4_gpio.o
 .text.TM_GPIO_Lock
                0x00000000       0x38 ..\obj\tm_stm32f4_gpio.o
 .text.TM_GPIO_GetPinSource
                0x00000000       0x2e ..\obj\tm_stm32f4_gpio.o
 .text.TM_GPIO_INT_DisableClock
                0x00000000       0x30 ..\obj\tm_stm32f4_gpio.o
 .text.TM_GPIO_GetUsedPins
                0x00000000       0x24 ..\obj\tm_stm32f4_gpio.o
 .text.TM_GPIO_GetFreePins
                0x00000000       0x28 ..\obj\tm_stm32f4_gpio.o
 .text          0x00000000        0x0 ..\obj\stm32f4xx_tim.o
 .data          0x00000000        0x0 ..\obj\stm32f4xx_tim.o
 .bss           0x00000000        0x0 ..\obj\stm32f4xx_tim.o
 .text.TIM_DeInit
                0x00000000      0x1c0 ..\obj\stm32f4xx_tim.o
 .text.TIM_TimeBaseStructInit
                0x00000000       0x32 ..\obj\stm32f4xx_tim.o
 .text.TIM_PrescalerConfig
                0x00000000       0x26 ..\obj\stm32f4xx_tim.o
 .text.TIM_CounterModeConfig
                0x00000000       0x36 ..\obj\stm32f4xx_tim.o
 .text.TIM_SetCounter
                0x00000000       0x1a ..\obj\stm32f4xx_tim.o
 .text.TIM_SetAutoreload
                0x00000000       0x1a ..\obj\stm32f4xx_tim.o
 .text.TIM_GetCounter
                0x00000000       0x16 ..\obj\stm32f4xx_tim.o
 .text.TIM_GetPrescaler
                0x00000000       0x18 ..\obj\stm32f4xx_tim.o
 .text.TIM_UpdateDisableConfig
                0x00000000       0x3e ..\obj\stm32f4xx_tim.o
 .text.TIM_UpdateRequestConfig
                0x00000000       0x3e ..\obj\stm32f4xx_tim.o
 .text.TIM_ARRPreloadConfig
                0x00000000       0x3e ..\obj\stm32f4xx_tim.o
 .text.TIM_SelectOnePulseMode
                0x00000000       0x36 ..\obj\stm32f4xx_tim.o
 .text.TIM_SetClockDivision
                0x00000000       0x36 ..\obj\stm32f4xx_tim.o
 .text.TIM_OC1Init
                0x00000000       0xf4 ..\obj\stm32f4xx_tim.o
 .text.TIM_OC2Init
                0x00000000      0x110 ..\obj\stm32f4xx_tim.o
 .text.TIM_OC3Init
                0x00000000      0x10c ..\obj\stm32f4xx_tim.o
 .text.TIM_OC4Init
                0x00000000       0xcc ..\obj\stm32f4xx_tim.o
 .text.TIM_OCStructInit
                0x00000000       0x42 ..\obj\stm32f4xx_tim.o
 .text.TIM_SelectOCxM
                0x00000000       0xb2 ..\obj\stm32f4xx_tim.o
 .text.TIM_SetCompare1
                0x00000000       0x1a ..\obj\stm32f4xx_tim.o
 .text.TIM_SetCompare2
                0x00000000       0x1a ..\obj\stm32f4xx_tim.o
 .text.TIM_SetCompare3
                0x00000000       0x1a ..\obj\stm32f4xx_tim.o
 .text.TIM_SetCompare4
                0x00000000       0x1a ..\obj\stm32f4xx_tim.o
 .text.TIM_ForcedOC1Config
                0x00000000       0x36 ..\obj\stm32f4xx_tim.o
 .text.TIM_ForcedOC2Config
                0x00000000       0x3a ..\obj\stm32f4xx_tim.o
 .text.TIM_ForcedOC3Config
                0x00000000       0x36 ..\obj\stm32f4xx_tim.o
 .text.TIM_ForcedOC4Config
                0x00000000       0x3a ..\obj\stm32f4xx_tim.o
 .text.TIM_OC1PreloadConfig
                0x00000000       0x36 ..\obj\stm32f4xx_tim.o
 .text.TIM_OC2PreloadConfig
                0x00000000       0x3a ..\obj\stm32f4xx_tim.o
 .text.TIM_OC3PreloadConfig
                0x00000000       0x36 ..\obj\stm32f4xx_tim.o
 .text.TIM_OC4PreloadConfig
                0x00000000       0x3a ..\obj\stm32f4xx_tim.o
 .text.TIM_OC1FastConfig
                0x00000000       0x36 ..\obj\stm32f4xx_tim.o
 .text.TIM_OC2FastConfig
                0x00000000       0x3a ..\obj\stm32f4xx_tim.o
 .text.TIM_OC3FastConfig
                0x00000000       0x36 ..\obj\stm32f4xx_tim.o
 .text.TIM_OC4FastConfig
                0x00000000       0x3a ..\obj\stm32f4xx_tim.o
 .text.TIM_ClearOC1Ref
                0x00000000       0x36 ..\obj\stm32f4xx_tim.o
 .text.TIM_ClearOC2Ref
                0x00000000       0x3a ..\obj\stm32f4xx_tim.o
 .text.TIM_ClearOC3Ref
                0x00000000       0x36 ..\obj\stm32f4xx_tim.o
 .text.TIM_ClearOC4Ref
                0x00000000       0x3a ..\obj\stm32f4xx_tim.o
 .text.TIM_OC1PolarityConfig
                0x00000000       0x36 ..\obj\stm32f4xx_tim.o
 .text.TIM_OC1NPolarityConfig
                0x00000000       0x36 ..\obj\stm32f4xx_tim.o
 .text.TIM_OC2PolarityConfig
                0x00000000       0x3a ..\obj\stm32f4xx_tim.o
 .text.TIM_OC2NPolarityConfig
                0x00000000       0x3a ..\obj\stm32f4xx_tim.o
 .text.TIM_OC3PolarityConfig
                0x00000000       0x3a ..\obj\stm32f4xx_tim.o
 .text.TIM_OC3NPolarityConfig
                0x00000000       0x3a ..\obj\stm32f4xx_tim.o
 .text.TIM_OC4PolarityConfig
                0x00000000       0x3a ..\obj\stm32f4xx_tim.o
 .text.TIM_CCxCmd
                0x00000000       0x54 ..\obj\stm32f4xx_tim.o
 .text.TIM_CCxNCmd
                0x00000000       0x54 ..\obj\stm32f4xx_tim.o
 .text.TIM_ICInit
                0x00000000       0xa8 ..\obj\stm32f4xx_tim.o
 .text.TIM_ICStructInit
                0x00000000       0x30 ..\obj\stm32f4xx_tim.o
 .text.TIM_PWMIConfig
                0x00000000       0xb8 ..\obj\stm32f4xx_tim.o
 .text.TIM_GetCapture1
                0x00000000       0x16 ..\obj\stm32f4xx_tim.o
 .text.TIM_GetCapture2
                0x00000000       0x16 ..\obj\stm32f4xx_tim.o
 .text.TIM_GetCapture3
                0x00000000       0x16 ..\obj\stm32f4xx_tim.o
 .text.TIM_GetCapture4
                0x00000000       0x16 ..\obj\stm32f4xx_tim.o
 .text.TIM_SetIC1Prescaler
                0x00000000       0x36 ..\obj\stm32f4xx_tim.o
 .text.TIM_SetIC2Prescaler
                0x00000000       0x3a ..\obj\stm32f4xx_tim.o
 .text.TIM_SetIC3Prescaler
                0x00000000       0x36 ..\obj\stm32f4xx_tim.o
 .text.TIM_SetIC4Prescaler
                0x00000000       0x3a ..\obj\stm32f4xx_tim.o
 .text.TIM_BDTRConfig
                0x00000000       0x4e ..\obj\stm32f4xx_tim.o
 .text.TIM_BDTRStructInit
                0x00000000       0x3c ..\obj\stm32f4xx_tim.o
 .text.TIM_CtrlPWMOutputs
                0x00000000       0x4a ..\obj\stm32f4xx_tim.o
 .text.TIM_SelectCOM
                0x00000000       0x3e ..\obj\stm32f4xx_tim.o
 .text.TIM_CCPreloadControl
                0x00000000       0x3e ..\obj\stm32f4xx_tim.o
 .text.TIM_GenerateEvent
                0x00000000       0x1c ..\obj\stm32f4xx_tim.o
 .text.TIM_GetFlagStatus
                0x00000000       0x36 ..\obj\stm32f4xx_tim.o
 .text.TIM_ClearFlag
                0x00000000       0x20 ..\obj\stm32f4xx_tim.o
 .text.TIM_DMAConfig
                0x00000000       0x28 ..\obj\stm32f4xx_tim.o
 .text.TIM_DMACmd
                0x00000000       0x46 ..\obj\stm32f4xx_tim.o
 .text.TIM_SelectCCDMA
                0x00000000       0x3e ..\obj\stm32f4xx_tim.o
 .text.TIM_InternalClockConfig
                0x00000000       0x22 ..\obj\stm32f4xx_tim.o
 .text.TIM_ITRxExternalClockConfig
                0x00000000       0x2e ..\obj\stm32f4xx_tim.o
 .text.TIM_TIxExternalClockConfig
                0x00000000       0x5c ..\obj\stm32f4xx_tim.o
 .text.TIM_ETRClockMode1Config
                0x00000000       0x5e ..\obj\stm32f4xx_tim.o
 .text.TIM_ETRClockMode2Config
                0x00000000       0x3e ..\obj\stm32f4xx_tim.o
 .text.TIM_SelectInputTrigger
                0x00000000       0x36 ..\obj\stm32f4xx_tim.o
 .text.TIM_SelectOutputTrigger
                0x00000000       0x36 ..\obj\stm32f4xx_tim.o
 .text.TIM_SelectSlaveMode
                0x00000000       0x36 ..\obj\stm32f4xx_tim.o
 .text.TIM_SelectMasterSlaveMode
                0x00000000       0x36 ..\obj\stm32f4xx_tim.o
 .text.TIM_ETRConfig
                0x00000000       0x52 ..\obj\stm32f4xx_tim.o
 .text.TIM_EncoderInterfaceConfig
                0x00000000       0x96 ..\obj\stm32f4xx_tim.o
 .text.TIM_SelectHallSensor
                0x00000000       0x3e ..\obj\stm32f4xx_tim.o
 .text.TIM_RemapConfig
                0x00000000       0x1e ..\obj\stm32f4xx_tim.o
 .text.TI1_Config
                0x00000000       0x84 ..\obj\stm32f4xx_tim.o
 .text.TI2_Config
                0x00000000       0x98 ..\obj\stm32f4xx_tim.o
 .text.TI3_Config
                0x00000000       0x8e ..\obj\stm32f4xx_tim.o
 .text.TI4_Config
                0x00000000       0x9c ..\obj\stm32f4xx_tim.o
 .text          0x00000000        0x0 ..\obj\tm_stm32f4_pcd8544.o
 .data          0x00000000        0x0 ..\obj\tm_stm32f4_pcd8544.o
 .text.PCD8544_Invert
                0x00000000       0x2a ..\obj\tm_stm32f4_pcd8544.o
 .text.PCD8544_Puts
                0x00000000       0x34 ..\obj\tm_stm32f4_pcd8544.o
 .text.PCD8544_DrawFilledRectangle
                0x00000000       0x48 ..\obj\tm_stm32f4_pcd8544.o
 .text.PCD8544_DrawCircle
                0x00000000      0x1ca ..\obj\tm_stm32f4_pcd8544.o
 .text.PCD8544_DrawFilledCircle
                0x00000000      0x1d8 ..\obj\tm_stm32f4_pcd8544.o
 .data          0x00000000        0x0 c:/program files (x86)/gnu tools arm embedded/7 2017-q4-major/bin/../lib/gcc/arm-none-eabi/7.2.1/thumb/v7e-m\libgcc.a(_arm_addsubsf3.o)
 .bss           0x00000000        0x0 c:/program files (x86)/gnu tools arm embedded/7 2017-q4-major/bin/../lib/gcc/arm-none-eabi/7.2.1/thumb/v7e-m\libgcc.a(_arm_addsubsf3.o)
 .data          0x00000000        0x0 c:/program files (x86)/gnu tools arm embedded/7 2017-q4-major/bin/../lib/gcc/arm-none-eabi/7.2.1/thumb/v7e-m\libgcc.a(_arm_muldivsf3.o)
 .bss           0x00000000        0x0 c:/program files (x86)/gnu tools arm embedded/7 2017-q4-major/bin/../lib/gcc/arm-none-eabi/7.2.1/thumb/v7e-m\libgcc.a(_arm_muldivsf3.o)
 .data          0x00000000        0x0 c:/program files (x86)/gnu tools arm embedded/7 2017-q4-major/bin/../lib/gcc/arm-none-eabi/7.2.1/thumb/v7e-m\libgcc.a(_arm_fixsfsi.o)
 .bss           0x00000000        0x0 c:/program files (x86)/gnu tools arm embedded/7 2017-q4-major/bin/../lib/gcc/arm-none-eabi/7.2.1/thumb/v7e-m\libgcc.a(_arm_fixsfsi.o)

Memory Configuration

Name             Origin             Length             Attributes
rom              0x08000000         0x00100000         xr
ram              0x20000000         0x00020000         xrw
ram1             0x10000000         0x00010000         xrw
*default*        0x00000000         0xffffffff

Linker script and memory map

                0x20020000                _eram = 0x20020000

.text           0x08000000     0x2b1e
 *(.isr_vector)
 .isr_vector    0x08000000      0x188 ..\obj\startup_stm32f4xx.o
                0x08000000                g_pfnVectors
 *(.text*)
 .text.Default_Reset_Handler
                0x08000188       0x5c ..\obj\startup_stm32f4xx.o
                0x08000188                Default_Reset_Handler
                0x08000188                Reset_Handler
 .text.Default_Handler
                0x080001e4        0x6 ..\obj\startup_stm32f4xx.o
                0x080001e4                RTC_Alarm_IRQHandler
                0x080001e4                HASH_RNG_IRQHandler
                0x080001e4                EXTI2_IRQHandler
                0x080001e4                TIM8_CC_IRQHandler
                0x080001e4                DebugMon_Handler
                0x080001e4                TIM1_CC_IRQHandler
                0x080001e4                DMA2_Stream5_IRQHandler
                0x080001e4                HardFault_Handler
                0x080001e4                DMA1_Stream5_IRQHandler
                0x080001e4                SysTick_Handler
                0x080001e4                PVD_IRQHandler
                0x080001e4                SDIO_IRQHandler
                0x080001e4                TAMP_STAMP_IRQHandler
                0x080001e4                PendSV_Handler
                0x080001e4                NMI_Handler
                0x080001e4                CAN2_RX1_IRQHandler
                0x080001e4                EXTI3_IRQHandler
                0x080001e4                TIM8_TRG_COM_TIM14_IRQHandler
                0x080001e4                TIM1_UP_TIM10_IRQHandler
                0x080001e4                TIM8_UP_TIM13_IRQHandler
                0x080001e4                I2C3_ER_IRQHandler
                0x080001e4                EXTI0_IRQHandler
                0x080001e4                I2C2_EV_IRQHandler
                0x080001e4                DMA1_Stream2_IRQHandler
                0x080001e4                CAN1_RX0_IRQHandler
                0x080001e4                FPU_IRQHandler
                0x080001e4                OTG_HS_WKUP_IRQHandler
                0x080001e4                UsageFault_Handler
                0x080001e4                CAN2_SCE_IRQHandler
                0x080001e4                DMA2_Stream2_IRQHandler
                0x080001e4                SPI1_IRQHandler
                0x080001e4                TIM6_DAC_IRQHandler
                0x080001e4                TIM1_BRK_TIM9_IRQHandler
                0x080001e4                DCMI_IRQHandler
                0x080001e4                CAN2_RX0_IRQHandler
                0x080001e4                DMA2_Stream3_IRQHandler
                0x080001e4                USART6_IRQHandler
                0x080001e4                USART3_IRQHandler
                0x080001e4                CRYP_IRQHandler
                0x080001e4                CAN1_RX1_IRQHandler
                0x080001e4                UART5_IRQHandler
                0x080001e4                DMA2_Stream0_IRQHandler
                0x080001e4                TIM4_IRQHandler
                0x080001e4                I2C1_EV_IRQHandler
                0x080001e4                DMA1_Stream6_IRQHandler
                0x080001e4                DMA1_Stream1_IRQHandler
                0x080001e4                UART4_IRQHandler
                0x080001e4                RCC_IRQHandler
                0x080001e4                TIM8_BRK_TIM12_IRQHandler
                0x080001e4                EXTI15_10_IRQHandler
                0x080001e4                ADC_IRQHandler
                0x080001e4                DMA1_Stream7_IRQHandler
                0x080001e4                TIM7_IRQHandler
                0x080001e4                CAN2_TX_IRQHandler
                0x080001e4                TIM5_IRQHandler
                0x080001e4                DMA2_Stream7_IRQHandler
                0x080001e4                I2C3_EV_IRQHandler
                0x080001e4                EXTI9_5_IRQHandler
                0x080001e4                RTC_WKUP_IRQHandler
                0x080001e4                ETH_WKUP_IRQHandler
                0x080001e4                SPI2_IRQHandler
                0x080001e4                OTG_HS_EP1_IN_IRQHandler
                0x080001e4                MemManage_Handler
                0x080001e4                DMA1_Stream0_IRQHandler
                0x080001e4                CAN1_TX_IRQHandler
                0x080001e4                SVC_Handler
                0x080001e4                EXTI4_IRQHandler
                0x080001e4                FSMC_IRQHandler
                0x080001e4                ETH_IRQHandler
                0x080001e4                OTG_HS_EP1_OUT_IRQHandler
                0x080001e4                WWDG_IRQHandler
                0x080001e4                OTG_FS_WKUP_IRQHandler
                0x080001e4                TIM1_TRG_COM_TIM11_IRQHandler
                0x080001e4                OTG_HS_IRQHandler
                0x080001e4                EXTI1_IRQHandler
                0x080001e4                USART2_IRQHandler
                0x080001e4                I2C2_ER_IRQHandler
                0x080001e4                DMA2_Stream1_IRQHandler
                0x080001e4                CAN1_SCE_IRQHandler
                0x080001e4                FLASH_IRQHandler
                0x080001e4                DMA2_Stream4_IRQHandler
                0x080001e4                BusFault_Handler
                0x080001e4                USART1_IRQHandler
                0x080001e4                OTG_FS_IRQHandler
                0x080001e4                SPI3_IRQHandler
                0x080001e4                DMA1_Stream4_IRQHandler
                0x080001e4                I2C1_ER_IRQHandler
                0x080001e4                DMA2_Stream6_IRQHandler
                0x080001e4                DMA1_Stream3_IRQHandler
 *fill*         0x080001ea        0x2 
 .text.TIM3_IRQHandler
                0x080001ec      0x1c4 ..\obj\main.o
                0x080001ec                TIM3_IRQHandler
 .text.TIM2_IRQHandler
                0x080003b0      0x18c ..\obj\main.o
                0x080003b0                TIM2_IRQHandler
 .text.main     0x0800053c      0x128 ..\obj\main.o
                0x0800053c                main
 .text.RCC_AHB1PeriphClockCmd
                0x08000664       0x3c ..\obj\stm32f4xx_rcc.o
                0x08000664                RCC_AHB1PeriphClockCmd
 .text.RCC_APB1PeriphClockCmd
                0x080006a0       0x3c ..\obj\stm32f4xx_rcc.o
                0x080006a0                RCC_APB1PeriphClockCmd
 .text.RCC_APB2PeriphClockCmd
                0x080006dc       0x3c ..\obj\stm32f4xx_rcc.o
                0x080006dc                RCC_APB2PeriphClockCmd
 .text.TM_SPI_Send
                0x08000718       0x74 ..\obj\tm_stm32f4_lis302dl_lis3dsh.o
 .text.TM_LIS302DL_LIS3DSH_Detect
                0x0800078c       0x48 ..\obj\tm_stm32f4_lis302dl_lis3dsh.o
                0x0800078c                TM_LIS302DL_LIS3DSH_Detect
 .text.TM_LIS302DL_LIS3DSH_Init
                0x080007d4       0x60 ..\obj\tm_stm32f4_lis302dl_lis3dsh.o
                0x080007d4                TM_LIS302DL_LIS3DSH_Init
 .text.TM_LIS302DL_LIS3DSH_ReadAxes
                0x08000834       0x3c ..\obj\tm_stm32f4_lis302dl_lis3dsh.o
                0x08000834                TM_LIS302DL_LIS3DSH_ReadAxes
 .text.TM_LIS302DL_LIS3DSH_INT_InitPins
                0x08000870       0x60 ..\obj\tm_stm32f4_lis302dl_lis3dsh.o
                0x08000870                TM_LIS302DL_LIS3DSH_INT_InitPins
 .text.TM_LIS302DL_LIS3DSH_INT_WriteSPI
                0x080008d0       0x5c ..\obj\tm_stm32f4_lis302dl_lis3dsh.o
                0x080008d0                TM_LIS302DL_LIS3DSH_INT_WriteSPI
 .text.TM_LIS302DL_LIS3DSH_INT_ReadSPI
                0x0800092c       0x58 ..\obj\tm_stm32f4_lis302dl_lis3dsh.o
                0x0800092c                TM_LIS302DL_LIS3DSH_INT_ReadSPI
 .text.TM_LIS302DL_LIS3DSH_INT_InitLIS3DSH
                0x08000984      0x108 ..\obj\tm_stm32f4_lis302dl_lis3dsh.o
                0x08000984                TM_LIS302DL_LIS3DSH_INT_InitLIS3DSH
 .text.TM_LIS302DL_LIS3DSH_INT_InitLIS302DL
                0x08000a8c       0xfc ..\obj\tm_stm32f4_lis302dl_lis3dsh.o
                0x08000a8c                TM_LIS302DL_LIS3DSH_INT_InitLIS302DL
 .text.TM_LIS3DSH_INT_ReadAxes
                0x08000b88      0x120 ..\obj\tm_stm32f4_lis302dl_lis3dsh.o
                0x08000b88                TM_LIS3DSH_INT_ReadAxes
 .text.TM_LIS302DL_INT_ReadAxes
                0x08000ca8       0xd8 ..\obj\tm_stm32f4_lis302dl_lis3dsh.o
                0x08000ca8                TM_LIS302DL_INT_ReadAxes
 .text.TM_LIS302DL_LIS3DSH_INT_Delay
                0x08000d80       0x24 ..\obj\tm_stm32f4_lis302dl_lis3dsh.o
                0x08000d80                TM_LIS302DL_LIS3DSH_INT_Delay
 .text.TM_SPI_Init
                0x08000da4       0x7c ..\obj\tm_stm32f4_spi.o
                0x08000da4                TM_SPI_Init
 .text.TM_SPI_WriteMulti
                0x08000e20       0x88 ..\obj\tm_stm32f4_spi.o
                0x08000e20                TM_SPI_WriteMulti
 .text.TM_SPI_ReadMulti
                0x08000ea8       0x92 ..\obj\tm_stm32f4_spi.o
                0x08000ea8                TM_SPI_ReadMulti
 .text.TM_SPI_InitCustomPinsCallback
                0x08000f3a       0x16 ..\obj\tm_stm32f4_spi.o
                0x08000f3a                TM_SPI_InitCustomPinsCallback
 .text.TM_SPIx_Init
                0x08000f50      0x11c ..\obj\tm_stm32f4_spi.o
 .text.TM_SPI1_INT_InitPins
                0x0800106c       0x60 ..\obj\tm_stm32f4_spi.o
                0x0800106c                TM_SPI1_INT_InitPins
 .text.TM_SPI2_INT_InitPins
                0x080010cc       0x98 ..\obj\tm_stm32f4_spi.o
                0x080010cc                TM_SPI2_INT_InitPins
 .text.TM_SPI3_INT_InitPins
                0x08001164       0x64 ..\obj\tm_stm32f4_spi.o
                0x08001164                TM_SPI3_INT_InitPins
 .text.GPIO_Init
                0x080011c8      0x11a ..\obj\stm32f4xx_gpio.o
                0x080011c8                GPIO_Init
 .text.GPIO_SetBits
                0x080012e2       0x1c ..\obj\stm32f4xx_gpio.o
                0x080012e2                GPIO_SetBits
 .text.GPIO_ResetBits
                0x080012fe       0x1c ..\obj\stm32f4xx_gpio.o
                0x080012fe                GPIO_ResetBits
 *fill*         0x0800131a        0x2 
 .text.SystemInit
                0x0800131c       0x5c ..\obj\system_stm32f4xx.o
                0x0800131c                SystemInit
 .text.SetSysClock
                0x08001378       0xf4 ..\obj\system_stm32f4xx.o
 .text.SPI_Init
                0x0800146c       0x86 ..\obj\stm32f4xx_spi.o
                0x0800146c                SPI_Init
 .text.SPI_StructInit
                0x080014f2       0x48 ..\obj\stm32f4xx_spi.o
                0x080014f2                SPI_StructInit
 *fill*         0x0800153a        0x2 
 .text.NVIC_PriorityGroupConfig
                0x0800153c       0x24 ..\obj\misc.o
                0x0800153c                NVIC_PriorityGroupConfig
 .text.NVIC_Init
                0x08001560       0xc4 ..\obj\misc.o
                0x08001560                NVIC_Init
 .text.TM_GPIO_InitAlternate
                0x08001624       0xa8 ..\obj\tm_stm32f4_gpio.o
                0x08001624                TM_GPIO_InitAlternate
 .text.TM_GPIO_GetPortSource
                0x080016cc       0x20 ..\obj\tm_stm32f4_gpio.o
                0x080016cc                TM_GPIO_GetPortSource
 .text.TM_GPIO_INT_EnableClock
                0x080016ec       0x30 ..\obj\tm_stm32f4_gpio.o
                0x080016ec                TM_GPIO_INT_EnableClock
 .text.TM_GPIO_INT_Init
                0x0800171c      0x10c ..\obj\tm_stm32f4_gpio.o
                0x0800171c                TM_GPIO_INT_Init
 .text.TIM_TimeBaseInit
                0x08001828       0xd4 ..\obj\stm32f4xx_tim.o
                0x08001828                TIM_TimeBaseInit
 .text.TIM_Cmd  0x080018fc       0x3e ..\obj\stm32f4xx_tim.o
                0x080018fc                TIM_Cmd
 .text.TIM_ITConfig
                0x0800193a       0x46 ..\obj\stm32f4xx_tim.o
                0x0800193a                TIM_ITConfig
 .text.TIM_GetITStatus
                0x08001980       0x52 ..\obj\stm32f4xx_tim.o
                0x08001980                TIM_GetITStatus
 .text.TIM_ClearITPendingBit
                0x080019d2       0x20 ..\obj\stm32f4xx_tim.o
                0x080019d2                TIM_ClearITPendingBit
 .text.TM_SPI_Send
                0x080019f2       0x74 ..\obj\tm_stm32f4_pcd8544.o
 *fill*         0x08001a66        0x2 
 .text.PCD8544_InitIO
                0x08001a68       0x7c ..\obj\tm_stm32f4_pcd8544.o
                0x08001a68                PCD8544_InitIO
 .text.PCD8544_send
                0x08001ae4       0x38 ..\obj\tm_stm32f4_pcd8544.o
                0x08001ae4                PCD8544_send
 .text.PCD8544_Pin
                0x08001b1c       0x64 ..\obj\tm_stm32f4_pcd8544.o
                0x08001b1c                PCD8544_Pin
 .text.PCD8544_Delay
                0x08001b80       0x26 ..\obj\tm_stm32f4_pcd8544.o
                0x08001b80                PCD8544_Delay
 .text.PCD8544_Init
                0x08001ba6       0x7a ..\obj\tm_stm32f4_pcd8544.o
                0x08001ba6                PCD8544_Init
 .text.PCD8544_Write
                0x08001c20       0x40 ..\obj\tm_stm32f4_pcd8544.o
                0x08001c20                PCD8544_Write
 .text.PCD8544_SetContrast
                0x08001c60       0x3e ..\obj\tm_stm32f4_pcd8544.o
                0x08001c60                PCD8544_SetContrast
 *fill*         0x08001c9e        0x2 
 .text.PCD8544_DrawPixel
                0x08001ca0       0xbc ..\obj\tm_stm32f4_pcd8544.o
                0x08001ca0                PCD8544_DrawPixel
 .text.PCD8544_Clear
                0x08001d5c       0x4c ..\obj\tm_stm32f4_pcd8544.o
                0x08001d5c                PCD8544_Clear
 .text.PCD8544_Home
                0x08001da8       0x18 ..\obj\tm_stm32f4_pcd8544.o
                0x08001da8                PCD8544_Home
 .text.PCD8544_Refresh
                0x08001dc0       0xc4 ..\obj\tm_stm32f4_pcd8544.o
                0x08001dc0                PCD8544_Refresh
 .text.PCD8544_UpdateArea
                0x08001e84       0x78 ..\obj\tm_stm32f4_pcd8544.o
                0x08001e84                PCD8544_UpdateArea
 .text.PCD8544_GotoXY
                0x08001efc       0x30 ..\obj\tm_stm32f4_pcd8544.o
                0x08001efc                PCD8544_GotoXY
 .text.PCD8544_Putc
                0x08001f2c      0x154 ..\obj\tm_stm32f4_pcd8544.o
                0x08001f2c                PCD8544_Putc
 .text.PCD8544_DrawLine
                0x08002080      0x1a2 ..\obj\tm_stm32f4_pcd8544.o
                0x08002080                PCD8544_DrawLine
 .text.PCD8544_DrawRectangle
                0x08002222       0x6e ..\obj\tm_stm32f4_pcd8544.o
                0x08002222                PCD8544_DrawRectangle
 .text          0x08002290      0x21c c:/program files (x86)/gnu tools arm embedded/7 2017-q4-major/bin/../lib/gcc/arm-none-eabi/7.2.1/thumb/v7e-m\libgcc.a(_arm_addsubsf3.o)
                0x08002290                __aeabi_frsub
                0x08002298                __subsf3
                0x08002298                __aeabi_fsub
                0x0800229c                __aeabi_fadd
                0x0800229c                __addsf3
                0x080023fc                __aeabi_ui2f
                0x080023fc                __floatunsisf
                0x08002404                __aeabi_i2f
                0x08002404                __floatsisf
                0x08002420                __aeabi_ul2f
                0x08002420                __floatundisf
                0x08002430                __aeabi_l2f
                0x08002430                __floatdisf
 .text          0x080024ac      0x2a0 c:/program files (x86)/gnu tools arm embedded/7 2017-q4-major/bin/../lib/gcc/arm-none-eabi/7.2.1/thumb/v7e-m\libgcc.a(_arm_muldivsf3.o)
                0x080024ac                __mulsf3
                0x080024ac                __aeabi_fmul
                0x08002614                __aeabi_fdiv
                0x08002614                __divsf3
 .text          0x0800274c       0x4c c:/program files (x86)/gnu tools arm embedded/7 2017-q4-major/bin/../lib/gcc/arm-none-eabi/7.2.1/thumb/v7e-m\libgcc.a(_arm_fixsfsi.o)
                0x0800274c                __aeabi_f2iz
                0x0800274c                __fixsfsi
 *(.init)
 *(.fini)
 *crtbegin.o(.ctors)
 *crtbegin?.o(.ctors)
 *(EXCLUDE_FILE(*crtend.o *crtend?.o) .ctors)
 *(SORT_BY_NAME(.ctors.*))
 *(.ctors)
 *crtbegin.o(.dtors)
 *crtbegin?.o(.dtors)
 *(EXCLUDE_FILE(*crtend.o *crtend?.o) .dtors)
 *(SORT_BY_NAME(.dtors.*))
 *(.dtors)
 *(.rodata*)
 .rodata        0x08002798      0x386 ..\obj\tm_stm32f4_pcd8544.o
                0x08002798                PCD8544_Font5x7
                0x080029e0                PCD8544_Font3x5
 *(.eh_fram e*)

.glue_7         0x08002b20        0x0
 .glue_7        0x08002b20        0x0 linker stubs

.glue_7t        0x08002b20        0x0
 .glue_7t       0x08002b20        0x0 linker stubs

.vfp11_veneer   0x08002b20        0x0
 .vfp11_veneer  0x08002b20        0x0 linker stubs

.v4_bx          0x08002b20        0x0
 .v4_bx         0x08002b20        0x0 linker stubs

.iplt           0x08002b20        0x0
 .iplt          0x08002b20        0x0 ..\obj\startup_stm32f4xx.o

.rel.dyn        0x08002b20        0x0
 .rel.iplt      0x08002b20        0x0 ..\obj\startup_stm32f4xx.o

.ARM.extab
 *(.ARM.extab* .gnu.linkonce.armextab.*)
                0x08002b20                __exidx_start = .

.ARM.exidx
 *(.ARM.exidx* .gnu.linkonce.armexidx.*)
                0x08002b20                __exidx_end = .
                0x08002b20                __etext = .
                0x08002b1e                _sidata = __etext

.data           0x20000000        0x4 load address 0x08002b1e
                0x20000000                __data_start__ = .
                0x20000000                _sdata = __data_start__
 *(vtable)
 *(.data*)
 .data          0x20000000        0x4 ..\obj\main.o
                0x20000000                punkty
                0x20000004                . = ALIGN (0x4)
                [!provide]                PROVIDE (__preinit_array_start, .)
 *(.preinit_array)
                [!provide]                PROVIDE (__preinit_array_end, .)
                0x20000004                . = ALIGN (0x4)
                [!provide]                PROVIDE (__init_array_start, .)
 *(SORT_BY_NAME(.init_array.*))
 *(.init_array)
                [!provide]                PROVIDE (__init_array_end, .)
                0x20000004                . = ALIGN (0x4)
                [!provide]                PROVIDE (__fini_array_start, .)
 *(SORT_BY_NAME(.fini_array.*))
 *(.fini_array)
                [!provide]                PROVIDE (__fini_array_end, .)
 *(.jcr*)
                0x20000004                . = ALIGN (0x4)
                0x20000004                __data_end__ = .
                0x20000004                _edata = __data_end__

.igot.plt       0x20000004        0x0 load address 0x08002b24
 .igot.plt      0x20000004        0x0 ..\obj\startup_stm32f4xx.o

.bss            0x20000004     0x2e74 load address 0x08002b24
                0x20000004                . = ALIGN (0x4)
                0x20000004                __bss_start__ = .
                0x20000004                _sbss = __bss_start__
 *(.bss*)
 .bss           0x20000004        0x2 ..\obj\tm_stm32f4_lis302dl_lis3dsh.o
                0x20000004                TM_LIS302DL_LIS3DSH_INT_Device
 *fill*         0x20000006        0x2 
 .bss           0x20000008       0x16 ..\obj\tm_stm32f4_gpio.o
 .bss           0x2000001e        0x4 ..\obj\tm_stm32f4_pcd8544.o
                0x2000001e                PCD8544_UpdateXmin
                0x2000001f                PCD8544_UpdateXmax
                0x20000020                PCD8544_UpdateYmin
                0x20000021                PCD8544_UpdateYmax
 *(COMMON)
 *fill*         0x20000022        0x2 
 COMMON         0x20000024     0x2c52 ..\obj\main.o
                0x20000024                tab
                0x20002c70                Axes
 *fill*         0x20002c76        0x2 
 COMMON         0x20002c78        0x4 ..\obj\tm_stm32f4_lis302dl_lis3dsh.o
                0x20002c78                TM_LIS3DSH_INT_Sensitivity
 COMMON         0x20002c7c      0x1fc ..\obj\tm_stm32f4_pcd8544.o
                0x20002c7c                PCD8544_y
                0x20002c7d                PCD8544_x
                0x20002c80                PCD8544_Buffer
                0x20002e78                . = ALIGN (0x4)
                0x20002e78                __bss_end__ = .
                0x20002e78                _ebss = __bss_end__

.heap           0x20002e78        0x0
                0x20002e78                __end__ = .
                0x20002e78                _end = __end__
                0x20002e78                end = __end__
 *(.heap*)
                0x20002e78                __HeapLimit = .

.co_stack       0x20002e78      0x800 load address 0x08005998
                0x20002e78                . = ALIGN (0x8)
 *(.co_stack .co_stack.*)
 .co_stack      0x20002e78      0x800 ..\obj\startup_stm32f4xx.o
                0x20002e78                pulStack
                0x20020000                __StackTop = (ORIGIN (ram) + LENGTH (ram))
                0x2001f800                __StackLimit = (__StackTop - SIZEOF (.co_stack))
                [!provide]                PROVIDE (__stack, __StackTop)
                0x00000001                ASSERT ((__StackLimit >= __HeapLimit), region ram  overflowed with stack)
LOAD ..\obj\stm32f4xx_syscfg.o
LOAD ..\obj\startup_stm32f4xx.o
LOAD ..\obj\main.o
LOAD ..\obj\stm32f4xx_rcc.o
LOAD ..\obj\tm_stm32f4_lis302dl_lis3dsh.o
LOAD ..\obj\tm_stm32f4_spi.o
LOAD ..\obj\stm32f4xx_gpio.o
LOAD ..\obj\system_stm32f4xx.o
LOAD ..\obj\syscalls.o
LOAD ..\obj\stm32f4xx_spi.o
LOAD ..\obj\stm32f4xx_exti.o
LOAD ..\obj\misc.o
LOAD ..\obj\tm_stm32f4_gpio.o
LOAD ..\obj\stm32f4xx_tim.o
LOAD ..\obj\tm_stm32f4_pcd8544.o
START GROUP
LOAD c:/program files (x86)/gnu tools arm embedded/7 2017-q4-major/bin/../lib/gcc/arm-none-eabi/7.2.1/thumb/v7e-m\libgcc.a
LOAD c:/program files (x86)/gnu tools arm embedded/7 2017-q4-major/bin/../lib/gcc/arm-none-eabi/7.2.1/../../../../arm-none-eabi/lib/thumb/v7e-m\libg.a
LOAD c:/program files (x86)/gnu tools arm embedded/7 2017-q4-major/bin/../lib/gcc/arm-none-eabi/7.2.1/../../../../arm-none-eabi/lib/thumb/v7e-m\libc.a
END GROUP
OUTPUT(AccSnake.elf elf32-littlearm)

.debug_info     0x00000000     0x770e
 .debug_info    0x00000000      0x113 ..\obj\startup_stm32f4xx.o
 .debug_info    0x00000113      0xa37 ..\obj\main.o
 .debug_info    0x00000b4a      0xc6e ..\obj\stm32f4xx_rcc.o
 .debug_info    0x000017b8      0x7ee ..\obj\tm_stm32f4_lis302dl_lis3dsh.o
 .debug_info    0x00001fa6      0xaaf ..\obj\tm_stm32f4_spi.o
 .debug_info    0x00002a55      0x624 ..\obj\stm32f4xx_gpio.o
 .debug_info    0x00003079      0x5ca ..\obj\system_stm32f4xx.o
 .debug_info    0x00003643      0xb15 ..\obj\stm32f4xx_spi.o
 .debug_info    0x00004158      0x547 ..\obj\misc.o
 .debug_info    0x0000469f      0x845 ..\obj\tm_stm32f4_gpio.o
 .debug_info    0x00004ee4     0x1c6f ..\obj\stm32f4xx_tim.o
 .debug_info    0x00006b53      0xbbb ..\obj\tm_stm32f4_pcd8544.o

.debug_abbrev   0x00000000     0x1393
 .debug_abbrev  0x00000000       0xc1 ..\obj\startup_stm32f4xx.o
 .debug_abbrev  0x000000c1      0x1e5 ..\obj\main.o
 .debug_abbrev  0x000002a6      0x1fa ..\obj\stm32f4xx_rcc.o
 .debug_abbrev  0x000004a0      0x1da ..\obj\tm_stm32f4_lis302dl_lis3dsh.o
 .debug_abbrev  0x0000067a      0x213 ..\obj\tm_stm32f4_spi.o
 .debug_abbrev  0x0000088d      0x1bc ..\obj\stm32f4xx_gpio.o
 .debug_abbrev  0x00000a49      0x15a ..\obj\system_stm32f4xx.o
 .debug_abbrev  0x00000ba3      0x17c ..\obj\stm32f4xx_spi.o
 .debug_abbrev  0x00000d1f      0x174 ..\obj\misc.o
 .debug_abbrev  0x00000e93      0x17e ..\obj\tm_stm32f4_gpio.o
 .debug_abbrev  0x00001011      0x19c ..\obj\stm32f4xx_tim.o
 .debug_abbrev  0x000011ad      0x1e6 ..\obj\tm_stm32f4_pcd8544.o

.debug_aranges  0x00000000      0x920
 .debug_aranges
                0x00000000       0x28 ..\obj\startup_stm32f4xx.o
 .debug_aranges
                0x00000028       0x40 ..\obj\main.o
 .debug_aranges
                0x00000068      0x178 ..\obj\stm32f4xx_rcc.o
 .debug_aranges
                0x000001e0       0x78 ..\obj\tm_stm32f4_lis302dl_lis3dsh.o
 .debug_aranges
                0x00000258       0x98 ..\obj\tm_stm32f4_spi.o
 .debug_aranges
                0x000002f0       0x88 ..\obj\stm32f4xx_gpio.o
 .debug_aranges
                0x00000378       0x30 ..\obj\system_stm32f4xx.o
 .debug_aranges
                0x000003a8       0xe0 ..\obj\stm32f4xx_spi.o
 .debug_aranges
                0x00000488       0x40 ..\obj\misc.o
 .debug_aranges
                0x000004c8       0x98 ..\obj\tm_stm32f4_gpio.o
 .debug_aranges
                0x00000560      0x2f8 ..\obj\stm32f4xx_tim.o
 .debug_aranges
                0x00000858       0xc8 ..\obj\tm_stm32f4_pcd8544.o

.debug_ranges   0x00000000      0x860
 .debug_ranges  0x00000000       0x18 ..\obj\startup_stm32f4xx.o
 .debug_ranges  0x00000018       0x30 ..\obj\main.o
 .debug_ranges  0x00000048      0x168 ..\obj\stm32f4xx_rcc.o
 .debug_ranges  0x000001b0       0x68 ..\obj\tm_stm32f4_lis302dl_lis3dsh.o
 .debug_ranges  0x00000218       0x88 ..\obj\tm_stm32f4_spi.o
 .debug_ranges  0x000002a0       0x78 ..\obj\stm32f4xx_gpio.o
 .debug_ranges  0x00000318       0x20 ..\obj\system_stm32f4xx.o
 .debug_ranges  0x00000338       0xd0 ..\obj\stm32f4xx_spi.o
 .debug_ranges  0x00000408       0x30 ..\obj\misc.o
 .debug_ranges  0x00000438       0x88 ..\obj\tm_stm32f4_gpio.o
 .debug_ranges  0x000004c0      0x2e8 ..\obj\stm32f4xx_tim.o
 .debug_ranges  0x000007a8       0xb8 ..\obj\tm_stm32f4_pcd8544.o

.debug_line     0x00000000     0x34b0
 .debug_line    0x00000000       0xa2 ..\obj\startup_stm32f4xx.o
 .debug_line    0x000000a2      0x37a ..\obj\main.o
 .debug_line    0x0000041c      0x5e9 ..\obj\stm32f4xx_rcc.o
 .debug_line    0x00000a05      0x40e ..\obj\tm_stm32f4_lis302dl_lis3dsh.o
 .debug_line    0x00000e13      0x513 ..\obj\tm_stm32f4_spi.o
 .debug_line    0x00001326      0x3a4 ..\obj\stm32f4xx_gpio.o
 .debug_line    0x000016ca      0x224 ..\obj\system_stm32f4xx.o
 .debug_line    0x000018ee      0x49d ..\obj\stm32f4xx_spi.o
 .debug_line    0x00001d8b      0x284 ..\obj\misc.o
 .debug_line    0x0000200f      0x3f6 ..\obj\tm_stm32f4_gpio.o
 .debug_line    0x00002405      0xb05 ..\obj\stm32f4xx_tim.o
 .debug_line    0x00002f0a      0x5a6 ..\obj\tm_stm32f4_pcd8544.o

.debug_str      0x00000000     0x3164
 .debug_str     0x00000000      0x17b ..\obj\startup_stm32f4xx.o
                                0x19a (size before relaxing)
 .debug_str     0x0000017b      0xb57 ..\obj\main.o
                                0xcfb (size before relaxing)
 .debug_str     0x00000cd2      0x650 ..\obj\stm32f4xx_rcc.o
                                0x894 (size before relaxing)
 .debug_str     0x00001322      0x385 ..\obj\tm_stm32f4_lis302dl_lis3dsh.o
                                0x8ec (size before relaxing)
 .debug_str     0x000016a7      0x3b2 ..\obj\tm_stm32f4_spi.o
                                0x79e (size before relaxing)
 .debug_str     0x00001a59      0x179 ..\obj\stm32f4xx_gpio.o
                                0x4e7 (size before relaxing)
 .debug_str     0x00001bd2      0x109 ..\obj\system_stm32f4xx.o
                                0x3de (size before relaxing)
 .debug_str     0x00001cdb      0x2ee ..\obj\stm32f4xx_spi.o
                                0x6ce (size before relaxing)
 .debug_str     0x00001fc9      0x162 ..\obj\misc.o
                                0x412 (size before relaxing)
 .debug_str     0x0000212b      0x22d ..\obj\tm_stm32f4_gpio.o
                                0x5f6 (size before relaxing)
 .debug_str     0x00002358      0xa87 ..\obj\stm32f4xx_tim.o
                                0xe14 (size before relaxing)
 .debug_str     0x00002ddf      0x385 ..\obj\tm_stm32f4_pcd8544.o
                                0x825 (size before relaxing)

.comment        0x00000000       0x7e
 .comment       0x00000000       0x7e ..\obj\startup_stm32f4xx.o
                                 0x7f (size before relaxing)
 .comment       0x0000007e       0x7f ..\obj\main.o
 .comment       0x0000007e       0x7f ..\obj\stm32f4xx_rcc.o
 .comment       0x0000007e       0x7f ..\obj\tm_stm32f4_lis302dl_lis3dsh.o
 .comment       0x0000007e       0x7f ..\obj\tm_stm32f4_spi.o
 .comment       0x0000007e       0x7f ..\obj\stm32f4xx_gpio.o
 .comment       0x0000007e       0x7f ..\obj\system_stm32f4xx.o
 .comment       0x0000007e       0x7f ..\obj\stm32f4xx_spi.o
 .comment       0x0000007e       0x7f ..\obj\misc.o
 .comment       0x0000007e       0x7f ..\obj\tm_stm32f4_gpio.o
 .comment       0x0000007e       0x7f ..\obj\stm32f4xx_tim.o
 .comment       0x0000007e       0x7f ..\obj\tm_stm32f4_pcd8544.o

.ARM.attributes
                0x00000000       0x33
 .ARM.attributes
                0x00000000       0x33 ..\obj\startup_stm32f4xx.o
 .ARM.attributes
                0x00000033       0x33 ..\obj\main.o
 .ARM.attributes
                0x00000066       0x33 ..\obj\stm32f4xx_rcc.o
 .ARM.attributes
                0x00000099       0x33 ..\obj\tm_stm32f4_lis302dl_lis3dsh.o
 .ARM.attributes
                0x000000cc       0x33 ..\obj\tm_stm32f4_spi.o
 .ARM.attributes
                0x000000ff       0x33 ..\obj\stm32f4xx_gpio.o
 .ARM.attributes
                0x00000132       0x33 ..\obj\system_stm32f4xx.o
 .ARM.attributes
                0x00000165       0x33 ..\obj\stm32f4xx_spi.o
 .ARM.attributes
                0x00000198       0x33 ..\obj\misc.o
 .ARM.attributes
                0x000001cb       0x33 ..\obj\tm_stm32f4_gpio.o
 .ARM.attributes
                0x000001fe       0x33 ..\obj\stm32f4xx_tim.o
 .ARM.attributes
                0x00000231       0x33 ..\obj\tm_stm32f4_pcd8544.o
 .ARM.attributes
                0x00000264       0x1e c:/program files (x86)/gnu tools arm embedded/7 2017-q4-major/bin/../lib/gcc/arm-none-eabi/7.2.1/thumb/v7e-m\libgcc.a(_arm_addsubsf3.o)
 .ARM.attributes
                0x00000282       0x1e c:/program files (x86)/gnu tools arm embedded/7 2017-q4-major/bin/../lib/gcc/arm-none-eabi/7.2.1/thumb/v7e-m\libgcc.a(_arm_muldivsf3.o)
 .ARM.attributes
                0x000002a0       0x1e c:/program files (x86)/gnu tools arm embedded/7 2017-q4-major/bin/../lib/gcc/arm-none-eabi/7.2.1/thumb/v7e-m\libgcc.a(_arm_fixsfsi.o)

.debug_frame    0x00000000     0x285c
 .debug_frame   0x00000000       0x4c ..\obj\startup_stm32f4xx.o
 .debug_frame   0x0000004c       0xcc ..\obj\main.o
 .debug_frame   0x00000118      0x6d4 ..\obj\stm32f4xx_rcc.o
 .debug_frame   0x000007ec      0x1c8 ..\obj\tm_stm32f4_lis302dl_lis3dsh.o
 .debug_frame   0x000009b4      0x270 ..\obj\tm_stm32f4_spi.o
 .debug_frame   0x00000c24      0x23c ..\obj\stm32f4xx_gpio.o
 .debug_frame   0x00000e60       0x7c ..\obj\system_stm32f4xx.o
 .debug_frame   0x00000edc      0x3f4 ..\obj\stm32f4xx_spi.o
 .debug_frame   0x000012d0       0xd8 ..\obj\misc.o
 .debug_frame   0x000013a8      0x274 ..\obj\tm_stm32f4_gpio.o
 .debug_frame   0x0000161c      0xe54 ..\obj\stm32f4xx_tim.o
 .debug_frame   0x00002470      0x344 ..\obj\tm_stm32f4_pcd8544.o
 .debug_frame   0x000027b4       0x4c c:/program files (x86)/gnu tools arm embedded/7 2017-q4-major/bin/../lib/gcc/arm-none-eabi/7.2.1/thumb/v7e-m\libgcc.a(_arm_addsubsf3.o)
 .debug_frame   0x00002800       0x38 c:/program files (x86)/gnu tools arm embedded/7 2017-q4-major/bin/../lib/gcc/arm-none-eabi/7.2.1/thumb/v7e-m\libgcc.a(_arm_muldivsf3.o)
 .debug_frame   0x00002838       0x24 c:/program files (x86)/gnu tools arm embedded/7 2017-q4-major/bin/../lib/gcc/arm-none-eabi/7.2.1/thumb/v7e-m\libgcc.a(_arm_fixsfsi.o)
